%!Adobe-FontList 1.25
%Locale:0x412

%BeginFont
Handler:DirectoryHandler
FontType:Invalid
OutlineFileName:C:\GitHub\Beyond-Dev\Assets\09. Shader\Font\Floating.shadersubgraph
FileModTime:1783050737
%EndFont

%BeginFont
Handler:DirectoryHandler
FontType:Invalid
OutlineFileName:C:\GitHub\Beyond-Dev\Assets\09. Shader\Font\Floating.shadersubgraph.meta
FileModTime:1781245003
%EndFont

%BeginFont
Handler:DirectoryHandler
FontType:Invalid
OutlineFileName:C:\GitHub\Beyond-Dev\Assets\09. Shader\Font\Galmuri11 SDF Hazardize.mat
FileModTime:1767104192
%EndFont

%BeginFont
Handler:DirectoryHandler
FontType:Invalid
OutlineFileName:C:\GitHub\Beyond-Dev\Assets\09. Shader\Font\Galmuri11 SDF Hazardize.mat.meta
FileModTime:1767104192
%EndFont

%BeginFont
Handler:DirectoryHandler
FontType:Invalid
OutlineFileName:C:\GitHub\Beyond-Dev\Assets\09. Shader\Font\Galmuri11 TMP Materail.mat
FileModTime:1781250090
%EndFont

%BeginFont
Handler:DirectoryHandler
FontType:Invalid
OutlineFileName:C:\GitHub\Beyond-Dev\Assets\09. Shader\Font\Galmuri11 TMP Materail.mat.meta
FileModTime:1767104192
%EndFont

%BeginFont
Handler:DirectoryHandler
FontType:Invalid
OutlineFileName:C:\GitHub\Beyond-Dev\Assets\09. Shader\Font\Galmuri7 SDF Hazardize.mat
FileModTime:1767104192
%EndFont

%BeginFont
Handler:DirectoryHandler
FontType:Invalid
OutlineFileName:C:\GitHub\Beyond-Dev\Assets\09. Shader\Font\Galmuri7 SDF Hazardize.mat.meta
FileModTime:1767104192
%EndFont

%BeginFont
Handler:DirectoryHandler
FontType:Invalid
OutlineFileName:C:\GitHub\Beyond-Dev\Assets\09. Shader\Font\Galmuri7 TMP Materail.mat
FileModTime:1767104192
%EndFont

%BeginFont
Handler:DirectoryHandler
FontType:Invalid
OutlineFileName:C:\GitHub\Beyond-Dev\Assets\09. Shader\Font\Galmuri7 TMP Materail.mat.meta
FileModTime:1767104192
%EndFont

%BeginFont
Handler:DirectoryHandler
FontType:Invalid
OutlineFileName:C:\GitHub\Beyond-Dev\Assets\09. Shader\Font\NANA SDF Variant 1.mat
FileModTime:1768063747
%EndFont

%BeginFont
Handler:DirectoryHandler
FontType:Invalid
OutlineFileName:C:\GitHub\Beyond-Dev\Assets\09. Shader\Font\NANA SDF Variant 1.mat.meta
FileModTime:1767959602
%EndFont

%BeginFont
Handler:DirectoryHandler
FontType:Invalid
OutlineFileName:C:\GitHub\Beyond-Dev\Assets\09. Shader\Font\NANA SDF Variant Variant.mat
FileModTime:1767959602
%EndFont

%BeginFont
Handler:DirectoryHandler
FontType:Invalid
OutlineFileName:C:\GitHub\Beyond-Dev\Assets\09. Shader\Font\NANA SDF Variant Variant.mat.meta
FileModTime:1767687124
%EndFont

%BeginFont
Handler:DirectoryHandler
FontType:Invalid
OutlineFileName:C:\GitHub\Beyond-Dev\Assets\09. Shader\Font\NANA SDF Variant.mat
FileModTime:1767959602
%EndFont

%BeginFont
Handler:DirectoryHandler
FontType:Invalid
OutlineFileName:C:\GitHub\Beyond-Dev\Assets\09. Shader\Font\NANA SDF Variant.mat.meta
FileModTime:1767687056
%EndFont

%BeginFont
Handler:DirectoryHandler
FontType:Invalid
OutlineFileName:C:\GitHub\Beyond-Dev\Assets\09. Shader\Font\Nana SDF Material.mat
FileModTime:1781250090
%EndFont

%BeginFont
Handler:DirectoryHandler
FontType:Invalid
OutlineFileName:C:\GitHub\Beyond-Dev\Assets\09. Shader\Font\Nana SDF Material.mat.meta
FileModTime:1767104194
%EndFont

%BeginFont
Handler:DirectoryHandler
FontType:Invalid
OutlineFileName:C:\GitHub\Beyond-Dev\Assets\09. Shader\Font\NotoSans TMP Materail 1.mat
FileModTime:1781865762
%EndFont

%BeginFont
Handler:DirectoryHandler
FontType:Invalid
OutlineFileName:C:\GitHub\Beyond-Dev\Assets\09. Shader\Font\NotoSans TMP Materail 1.mat.meta
FileModTime:1767104192
%EndFont

%BeginFont
Handler:DirectoryHandler
FontType:Invalid
OutlineFileName:C:\GitHub\Beyond-Dev\Assets\09. Shader\Font\NotoSansKR-Black SDF.mat
FileModTime:1782383309
%EndFont

%BeginFont
Handler:DirectoryHandler
FontType:Invalid
OutlineFileName:C:\GitHub\Beyond-Dev\Assets\09. Shader\Font\NotoSansKR-Black SDF.mat.meta
FileModTime:1782383288
%EndFont

%BeginFont
Handler:DirectoryHandler
FontType:Invalid
OutlineFileName:C:\GitHub\Beyond-Dev\Assets\09. Shader\Font\NotoSansKR-Bold SDF Variant.mat
FileModTime:1787574194
%EndFont

%BeginFont
Handler:DirectoryHandler
FontType:Invalid
OutlineFileName:C:\GitHub\Beyond-Dev\Assets\09. Shader\Font\NotoSansKR-Bold SDF Variant.mat.meta
FileModTime:1782383148
%EndFont

%BeginFont
Handler:DirectoryHandler
FontType:Invalid
OutlineFileName:C:\GitHub\Beyond-Dev\Assets\09. Shader\Font\NotoSansKR-Regular SDF 1.mat
FileModTime:1781250090
%EndFont

%BeginFont
Handler:DirectoryHandler
FontType:Invalid
OutlineFileName:C:\GitHub\Beyond-Dev\Assets\09. Shader\Font\NotoSansKR-Regular SDF 1.mat.meta
FileModTime:1767104192
%EndFont

%BeginFont
Handler:DirectoryHandler
FontType:Invalid
OutlineFileName:C:\GitHub\Beyond-Dev\Assets\09. Shader\Font\NotoSansKR-Regular SDF.mat
FileModTime:1781264475
%EndFont

%BeginFont
Handler:DirectoryHandler
FontType:Invalid
OutlineFileName:C:\GitHub\Beyond-Dev\Assets\09. Shader\Font\NotoSansKR-Regular SDF.mat.meta
FileModTime:1767104195
%EndFont

%BeginFont
Handler:DirectoryHandler
FontType:Invalid
OutlineFileName:C:\GitHub\Beyond-Dev\Assets\09. Shader\Font\NotoSansKR-Regular SDF_UI Variant.mat
FileModTime:1787037347
%EndFont

%BeginFont
Handler:DirectoryHandler
FontType:Invalid
OutlineFileName:C:\GitHub\Beyond-Dev\Assets\09. Shader\Font\NotoSansKR-Regular SDF_UI Variant.mat.meta
FileModTime:1787037347
%EndFont

%BeginFont
Handler:DirectoryHandler
FontType:Invalid
OutlineFileName:C:\GitHub\Beyond-Dev\Assets\09. Shader\Font\NotoSansKR-Regular SDF_isPopup.mat
FileModTime:1781250090
%EndFont

%BeginFont
Handler:DirectoryHandler
FontType:Invalid
OutlineFileName:C:\GitHub\Beyond-Dev\Assets\09. Shader\Font\NotoSansKR-Regular SDF_isPopup.mat.meta
FileModTime:1767104192
%EndFont

%BeginFont
Handler:DirectoryHandler
FontType:Invalid
OutlineFileName:C:\GitHub\Beyond-Dev\Assets\09. Shader\Font\TMP_RandomReveal.cs
FileModTime:1781264215
%EndFont

%BeginFont
Handler:DirectoryHandler
FontType:Invalid
OutlineFileName:C:\GitHub\Beyond-Dev\Assets\09. Shader\Font\TMP_RandomReveal.cs.meta
FileModTime:1781262941
%EndFont

%BeginFont
Handler:DirectoryHandler
FontType:Invalid
OutlineFileName:C:\GitHub\Beyond-Dev\Assets\09. Shader\Font\TMP_SDF-URP Lit.shadergraph
FileModTime:1787574354
%EndFont

%BeginFont
Handler:DirectoryHandler
FontType:Invalid
OutlineFileName:C:\GitHub\Beyond-Dev\Assets\09. Shader\Font\TMP_SDF-URP Lit.shadergraph.meta
FileModTime:1781242939
%EndFont

